// Jest Snapshot v1, https://goo.gl/fbAQLP

exports[`[Page] Home should display error message on failed subscribe 1`] = `
<View
  style={
    Array [
      Object {
        "alignItems": "center",
        "flexBasis": 0,
        "flexGrow": 1,
        "flexShrink": 1,
        "paddingHorizontal": 20,
        "paddingTop": 30,
      },
    ]
  }
>
  <Text
    style={
      Array [
        Object {
          "fontSize": 20,
          "marginVertical": 20,
        },
      ]
    }
  >
    Subscribe to our newsletter
  </Text>
  <TextInput
    allowFontScaling={true}
    onChangeText={[Function]}
    placeholder="Email"
    rejectResponderTermination={true}
    underlineColorAndroid="transparent"
    value="hellobam.co"
  />
  <View
    accessible={true}
    clickable={true}
    isTVSelectable={true}
    onClick={[Function]}
    onResponderGrant={[Function]}
    onResponderMove={[Function]}
    onResponderRelease={[Function]}
    onResponderTerminate={[Function]}
    onResponderTerminationRequest={[Function]}
    onStartShouldSetResponder={[Function]}
    style={
      Object {
        "opacity": 1,
        "width": "100%",
      }
    }
  >
    <View
      style={
        Array [
          Object {
            "alignItems": "center",
            "backgroundColor": "green",
            "borderRadius": 6,
            "color": "white",
            "marginVertical": 20,
            "paddingVertical": 10,
          },
        ]
      }
    >
      <Text
        style={
          Array [
            Object {
              "color": "white",
            },
          ]
        }
      >
        Validate
      </Text>
    </View>
  </View>
  <Text
    style={
      Array [
        Object {
          "color": "red",
        },
      ]
    }
  >
    Oups something went wrong...
  </Text>
</View>
`;
